Traceback (most recent call last):
  File "/Users/jirlong/opt/anaconda3/lib/python3.9/site-packages/jupyter_cache/executors/utils.py", line 58, in single_nb_execution
    executenb(
  File "/Users/jirlong/opt/anaconda3/lib/python3.9/site-packages/nbclient/client.py", line 1204, in execute
    return NotebookClient(nb=nb, resources=resources, km=km, **kwargs).execute()
  File "/Users/jirlong/opt/anaconda3/lib/python3.9/site-packages/nbclient/util.py", line 84, in wrapped
    return just_run(coro(*args, **kwargs))
  File "/Users/jirlong/opt/anaconda3/lib/python3.9/site-packages/nbclient/util.py", line 62, in just_run
    return loop.run_until_complete(coro)
  File "/Users/jirlong/opt/anaconda3/lib/python3.9/asyncio/base_events.py", line 647, in run_until_complete
    return future.result()
  File "/Users/jirlong/opt/anaconda3/lib/python3.9/site-packages/nbclient/client.py", line 663, in async_execute
    await self.async_execute_cell(
  File "/Users/jirlong/opt/anaconda3/lib/python3.9/site-packages/nbclient/client.py", line 965, in async_execute_cell
    await self._check_raise_for_error(cell, cell_index, exec_reply)
  File "/Users/jirlong/opt/anaconda3/lib/python3.9/site-packages/nbclient/client.py", line 862, in _check_raise_for_error
    raise CellExecutionError.from_cell_and_msg(cell, exec_reply_content)
nbclient.exceptions.CellExecutionError: An error occurred while executing the following cell:
------------------
import wikipedia    # import a 3rd-party library into runtime
string_a  = wikipedia.summary("Big_data", sentences = 10)   # get data by 3rd-party function

import string
translator = str.maketrans('','',string.punctuation)
string_a = string_a.translate(translator)
string_a = string_a.lower()

from collections import Counter
words = string_a.split()
word_freq = Counter(words)
------------------

[0;31m---------------------------------------------------------------------------[0m
[0;31mPageError[0m                                 Traceback (most recent call last)
Input [0;32mIn [4][0m, in [0;36m<cell line: 2>[0;34m()[0m
[1;32m      1[0m [38;5;28;01mimport[39;00m [38;5;21;01mwikipedia[39;00m    [38;5;66;03m# import a 3rd-party library into runtime[39;00m
[0;32m----> 2[0m string_a  [38;5;241m=[39m [43mwikipedia[49m[38;5;241;43m.[39;49m[43msummary[49m[43m([49m[38;5;124;43m"[39;49m[38;5;124;43mBig_data[39;49m[38;5;124;43m"[39;49m[43m,[49m[43m [49m[43msentences[49m[43m [49m[38;5;241;43m=[39;49m[43m [49m[38;5;241;43m10[39;49m[43m)[49m   [38;5;66;03m# get data by 3rd-party function[39;00m
[1;32m      4[0m [38;5;28;01mimport[39;00m [38;5;21;01mstring[39;00m
[1;32m      5[0m translator [38;5;241m=[39m [38;5;28mstr[39m[38;5;241m.[39mmaketrans([38;5;124m'[39m[38;5;124m'[39m,[38;5;124m'[39m[38;5;124m'[39m,string[38;5;241m.[39mpunctuation)

File [0;32m~/opt/anaconda3/lib/python3.9/site-packages/wikipedia/util.py:28[0m, in [0;36mcache.__call__[0;34m(self, *args, **kwargs)[0m
[1;32m     26[0m   ret [38;5;241m=[39m [38;5;28mself[39m[38;5;241m.[39m_cache[key]
[1;32m     27[0m [38;5;28;01melse[39;00m:
[0;32m---> 28[0m   ret [38;5;241m=[39m [38;5;28mself[39m[38;5;241m.[39m_cache[key] [38;5;241m=[39m [38;5;28;43mself[39;49m[38;5;241;43m.[39;49m[43mfn[49m[43m([49m[38;5;241;43m*[39;49m[43margs[49m[43m,[49m[43m [49m[38;5;241;43m*[39;49m[38;5;241;43m*[39;49m[43mkwargs[49m[43m)[49m
[1;32m     30[0m [38;5;28;01mreturn[39;00m ret

File [0;32m~/opt/anaconda3/lib/python3.9/site-packages/wikipedia/wikipedia.py:231[0m, in [0;36msummary[0;34m(title, sentences, chars, auto_suggest, redirect)[0m
[1;32m    216[0m [38;5;250m[39m[38;5;124;03m'''[39;00m
[1;32m    217[0m [38;5;124;03mPlain text summary of the page.[39;00m
[1;32m    218[0m 
[0;32m   (...)[0m
[1;32m    226[0m [38;5;124;03m* redirect - allow redirection without raising RedirectError[39;00m
[1;32m    227[0m [38;5;124;03m'''[39;00m
[1;32m    229[0m [38;5;66;03m# use auto_suggest and redirect to get the correct article[39;00m
[1;32m    230[0m [38;5;66;03m# also, use page's error checking to raise DisambiguationError if necessary[39;00m
[0;32m--> 231[0m page_info [38;5;241m=[39m [43mpage[49m[43m([49m[43mtitle[49m[43m,[49m[43m [49m[43mauto_suggest[49m[38;5;241;43m=[39;49m[43mauto_suggest[49m[43m,[49m[43m [49m[43mredirect[49m[38;5;241;43m=[39;49m[43mredirect[49m[43m)[49m
[1;32m    232[0m title [38;5;241m=[39m page_info[38;5;241m.[39mtitle
[1;32m    233[0m pageid [38;5;241m=[39m page_info[38;5;241m.[39mpageid

File [0;32m~/opt/anaconda3/lib/python3.9/site-packages/wikipedia/wikipedia.py:276[0m, in [0;36mpage[0;34m(title, pageid, auto_suggest, redirect, preload)[0m
[1;32m    273[0m     [38;5;28;01mexcept[39;00m [38;5;167;01mIndexError[39;00m:
[1;32m    274[0m       [38;5;66;03m# if there is no suggestion or search results, the page doesn't exist[39;00m
[1;32m    275[0m       [38;5;28;01mraise[39;00m PageError(title)
[0;32m--> 276[0m   [38;5;28;01mreturn[39;00m [43mWikipediaPage[49m[43m([49m[43mtitle[49m[43m,[49m[43m [49m[43mredirect[49m[38;5;241;43m=[39;49m[43mredirect[49m[43m,[49m[43m [49m[43mpreload[49m[38;5;241;43m=[39;49m[43mpreload[49m[43m)[49m
[1;32m    277[0m [38;5;28;01melif[39;00m pageid [38;5;129;01mis[39;00m [38;5;129;01mnot[39;00m [38;5;28;01mNone[39;00m:
[1;32m    278[0m   [38;5;28;01mreturn[39;00m WikipediaPage(pageid[38;5;241m=[39mpageid, preload[38;5;241m=[39mpreload)

File [0;32m~/opt/anaconda3/lib/python3.9/site-packages/wikipedia/wikipedia.py:299[0m, in [0;36mWikipediaPage.__init__[0;34m(self, title, pageid, redirect, preload, original_title)[0m
[1;32m    296[0m [38;5;28;01melse[39;00m:
[1;32m    297[0m   [38;5;28;01mraise[39;00m [38;5;167;01mValueError[39;00m([38;5;124m"[39m[38;5;124mEither a title or a pageid must be specified[39m[38;5;124m"[39m)
[0;32m--> 299[0m [38;5;28;43mself[39;49m[38;5;241;43m.[39;49m[43m__load[49m[43m([49m[43mredirect[49m[38;5;241;43m=[39;49m[43mredirect[49m[43m,[49m[43m [49m[43mpreload[49m[38;5;241;43m=[39;49m[43mpreload[49m[43m)[49m
[1;32m    301[0m [38;5;28;01mif[39;00m preload:
[1;32m    302[0m   [38;5;28;01mfor[39;00m prop [38;5;129;01min[39;00m ([38;5;124m'[39m[38;5;124mcontent[39m[38;5;124m'[39m, [38;5;124m'[39m[38;5;124msummary[39m[38;5;124m'[39m, [38;5;124m'[39m[38;5;124mimages[39m[38;5;124m'[39m, [38;5;124m'[39m[38;5;124mreferences[39m[38;5;124m'[39m, [38;5;124m'[39m[38;5;124mlinks[39m[38;5;124m'[39m, [38;5;124m'[39m[38;5;124msections[39m[38;5;124m'[39m):

File [0;32m~/opt/anaconda3/lib/python3.9/site-packages/wikipedia/wikipedia.py:345[0m, in [0;36mWikipediaPage.__load[0;34m(self, redirect, preload)[0m
[1;32m    343[0m [38;5;28;01mif[39;00m [38;5;124m'[39m[38;5;124mmissing[39m[38;5;124m'[39m [38;5;129;01min[39;00m page:
[1;32m    344[0m   [38;5;28;01mif[39;00m [38;5;28mhasattr[39m([38;5;28mself[39m, [38;5;124m'[39m[38;5;124mtitle[39m[38;5;124m'[39m):
[0;32m--> 345[0m     [38;5;28;01mraise[39;00m PageError([38;5;28mself[39m[38;5;241m.[39mtitle)
[1;32m    346[0m   [38;5;28;01melse[39;00m:
[1;32m    347[0m     [38;5;28;01mraise[39;00m PageError(pageid[38;5;241m=[39m[38;5;28mself[39m[38;5;241m.[39mpageid)

[0;31mPageError[0m: Page id "big date" does not match any pages. Try another id!
PageError: Page id "big date" does not match any pages. Try another id!

