Traceback (most recent call last):
  File "/Users/jirlong/opt/anaconda3/lib/python3.9/site-packages/jupyter_cache/executors/utils.py", line 58, in single_nb_execution
    executenb(
  File "/Users/jirlong/opt/anaconda3/lib/python3.9/site-packages/nbclient/client.py", line 1204, in execute
    return NotebookClient(nb=nb, resources=resources, km=km, **kwargs).execute()
  File "/Users/jirlong/opt/anaconda3/lib/python3.9/site-packages/nbclient/util.py", line 84, in wrapped
    return just_run(coro(*args, **kwargs))
  File "/Users/jirlong/opt/anaconda3/lib/python3.9/site-packages/nbclient/util.py", line 62, in just_run
    return loop.run_until_complete(coro)
  File "/Users/jirlong/opt/anaconda3/lib/python3.9/asyncio/base_events.py", line 647, in run_until_complete
    return future.result()
  File "/Users/jirlong/opt/anaconda3/lib/python3.9/site-packages/nbclient/client.py", line 663, in async_execute
    await self.async_execute_cell(
  File "/Users/jirlong/opt/anaconda3/lib/python3.9/site-packages/nbclient/client.py", line 965, in async_execute_cell
    await self._check_raise_for_error(cell, cell_index, exec_reply)
  File "/Users/jirlong/opt/anaconda3/lib/python3.9/site-packages/nbclient/client.py", line 862, in _check_raise_for_error
    raise CellExecutionError.from_cell_and_msg(cell, exec_reply_content)
nbclient.exceptions.CellExecutionError: An error occurred while executing the following cell:
------------------
import requests
import json
url = "https://airtw.epa.gov.tw/gis_ajax.aspx?Type=GetAQInfo&Layer=EPA&QueryTime=2023/09/17%2011:00"
aqdata = requests.get(url).json()
print(type(aqdata))
------------------

[0;31m---------------------------------------------------------------------------[0m
[0;31mCertificateError[0m                          Traceback (most recent call last)
File [0;32m~/opt/anaconda3/lib/python3.9/site-packages/urllib3/connectionpool.py:703[0m, in [0;36mHTTPConnectionPool.urlopen[0;34m(self, method, url, body, headers, retries, redirect, assert_same_host, timeout, pool_timeout, release_conn, chunked, body_pos, **response_kw)[0m
[1;32m    702[0m [38;5;66;03m# Make the request on the httplib connection object.[39;00m
[0;32m--> 703[0m httplib_response [38;5;241m=[39m [38;5;28;43mself[39;49m[38;5;241;43m.[39;49m[43m_make_request[49m[43m([49m
[1;32m    704[0m [43m    [49m[43mconn[49m[43m,[49m
[1;32m    705[0m [43m    [49m[43mmethod[49m[43m,[49m
[1;32m    706[0m [43m    [49m[43murl[49m[43m,[49m
[1;32m    707[0m [43m    [49m[43mtimeout[49m[38;5;241;43m=[39;49m[43mtimeout_obj[49m[43m,[49m
[1;32m    708[0m [43m    [49m[43mbody[49m[38;5;241;43m=[39;49m[43mbody[49m[43m,[49m
[1;32m    709[0m [43m    [49m[43mheaders[49m[38;5;241;43m=[39;49m[43mheaders[49m[43m,[49m
[1;32m    710[0m [43m    [49m[43mchunked[49m[38;5;241;43m=[39;49m[43mchunked[49m[43m,[49m
[1;32m    711[0m [43m[49m[43m)[49m
[1;32m    713[0m [38;5;66;03m# If we're going to release the connection in ``finally:``, then[39;00m
[1;32m    714[0m [38;5;66;03m# the response doesn't need to know about the connection. Otherwise[39;00m
[1;32m    715[0m [38;5;66;03m# it will also try to release it and we'll have a double-release[39;00m
[1;32m    716[0m [38;5;66;03m# mess.[39;00m

File [0;32m~/opt/anaconda3/lib/python3.9/site-packages/urllib3/connectionpool.py:386[0m, in [0;36mHTTPConnectionPool._make_request[0;34m(self, conn, method, url, timeout, chunked, **httplib_request_kw)[0m
[1;32m    385[0m [38;5;28;01mtry[39;00m:
[0;32m--> 386[0m     [38;5;28;43mself[39;49m[38;5;241;43m.[39;49m[43m_validate_conn[49m[43m([49m[43mconn[49m[43m)[49m
[1;32m    387[0m [38;5;28;01mexcept[39;00m (SocketTimeout, BaseSSLError) [38;5;28;01mas[39;00m e:
[1;32m    388[0m     [38;5;66;03m# Py2 raises this as a BaseSSLError, Py3 raises it as socket timeout.[39;00m

File [0;32m~/opt/anaconda3/lib/python3.9/site-packages/urllib3/connectionpool.py:1042[0m, in [0;36mHTTPSConnectionPool._validate_conn[0;34m(self, conn)[0m
[1;32m   1041[0m [38;5;28;01mif[39;00m [38;5;129;01mnot[39;00m [38;5;28mgetattr[39m(conn, [38;5;124m"[39m[38;5;124msock[39m[38;5;124m"[39m, [38;5;28;01mNone[39;00m):  [38;5;66;03m# AppEngine might not have  `.sock`[39;00m
[0;32m-> 1042[0m     [43mconn[49m[38;5;241;43m.[39;49m[43mconnect[49m[43m([49m[43m)[49m
[1;32m   1044[0m [38;5;28;01mif[39;00m [38;5;129;01mnot[39;00m conn[38;5;241m.[39mis_verified:

File [0;32m~/opt/anaconda3/lib/python3.9/site-packages/urllib3/connection.py:467[0m, in [0;36mHTTPSConnection.connect[0;34m(self)[0m
[1;32m    458[0m         warnings[38;5;241m.[39mwarn(
[1;32m    459[0m             (
[1;32m    460[0m                 [38;5;124m"[39m[38;5;124mCertificate for [39m[38;5;132;01m{0}[39;00m[38;5;124m has no `subjectAltName`, falling back to check for a [39m[38;5;124m"[39m
[0;32m   (...)[0m
[1;32m    465[0m             SubjectAltNameWarning,
[1;32m    466[0m         )
[0;32m--> 467[0m     [43m_match_hostname[49m[43m([49m[43mcert[49m[43m,[49m[43m [49m[38;5;28;43mself[39;49m[38;5;241;43m.[39;49m[43massert_hostname[49m[43m [49m[38;5;129;43;01mor[39;49;00m[43m [49m[43mserver_hostname[49m[43m)[49m
[1;32m    469[0m [38;5;28mself[39m[38;5;241m.[39mis_verified [38;5;241m=[39m (
[1;32m    470[0m     context[38;5;241m.[39mverify_mode [38;5;241m==[39m ssl[38;5;241m.[39mCERT_REQUIRED
[1;32m    471[0m     [38;5;129;01mor[39;00m [38;5;28mself[39m[38;5;241m.[39massert_fingerprint [38;5;129;01mis[39;00m [38;5;129;01mnot[39;00m [38;5;28;01mNone[39;00m
[1;32m    472[0m )

File [0;32m~/opt/anaconda3/lib/python3.9/site-packages/urllib3/connection.py:540[0m, in [0;36m_match_hostname[0;34m(cert, asserted_hostname)[0m
[1;32m    539[0m [38;5;28;01mtry[39;00m:
[0;32m--> 540[0m     [43mmatch_hostname[49m[43m([49m[43mcert[49m[43m,[49m[43m [49m[43masserted_hostname[49m[43m)[49m
[1;32m    541[0m [38;5;28;01mexcept[39;00m CertificateError [38;5;28;01mas[39;00m e:

File [0;32m~/opt/anaconda3/lib/python3.9/site-packages/urllib3/util/ssl_match_hostname.py:155[0m, in [0;36mmatch_hostname[0;34m(cert, hostname)[0m
[1;32m    154[0m [38;5;28;01melif[39;00m [38;5;28mlen[39m(dnsnames) [38;5;241m==[39m [38;5;241m1[39m:
[0;32m--> 155[0m     [38;5;28;01mraise[39;00m CertificateError([38;5;124m"[39m[38;5;124mhostname [39m[38;5;132;01m%r[39;00m[38;5;124m doesn[39m[38;5;124m'[39m[38;5;124mt match [39m[38;5;132;01m%r[39;00m[38;5;124m"[39m [38;5;241m%[39m (hostname, dnsnames[[38;5;241m0[39m]))
[1;32m    156[0m [38;5;28;01melse[39;00m:

[0;31mCertificateError[0m: hostname 'airtw.epa.gov.tw' doesn't match 'tairtw.moenv.gov.tw'

During handling of the above exception, another exception occurred:

[0;31mMaxRetryError[0m                             Traceback (most recent call last)
File [0;32m~/opt/anaconda3/lib/python3.9/site-packages/requests/adapters.py:486[0m, in [0;36mHTTPAdapter.send[0;34m(self, request, stream, timeout, verify, cert, proxies)[0m
[1;32m    485[0m [38;5;28;01mtry[39;00m:
[0;32m--> 486[0m     resp [38;5;241m=[39m [43mconn[49m[38;5;241;43m.[39;49m[43murlopen[49m[43m([49m
[1;32m    487[0m [43m        [49m[43mmethod[49m[38;5;241;43m=[39;49m[43mrequest[49m[38;5;241;43m.[39;49m[43mmethod[49m[43m,[49m
[1;32m    488[0m [43m        [49m[43murl[49m[38;5;241;43m=[39;49m[43murl[49m[43m,[49m
[1;32m    489[0m [43m        [49m[43mbody[49m[38;5;241;43m=[39;49m[43mrequest[49m[38;5;241;43m.[39;49m[43mbody[49m[43m,[49m
[1;32m    490[0m [43m        [49m[43mheaders[49m[38;5;241;43m=[39;49m[43mrequest[49m[38;5;241;43m.[39;49m[43mheaders[49m[43m,[49m
[1;32m    491[0m [43m        [49m[43mredirect[49m[38;5;241;43m=[39;49m[38;5;28;43;01mFalse[39;49;00m[43m,[49m
[1;32m    492[0m [43m        [49m[43massert_same_host[49m[38;5;241;43m=[39;49m[38;5;28;43;01mFalse[39;49;00m[43m,[49m
[1;32m    493[0m [43m        [49m[43mpreload_content[49m[38;5;241;43m=[39;49m[38;5;28;43;01mFalse[39;49;00m[43m,[49m
[1;32m    494[0m [43m        [49m[43mdecode_content[49m[38;5;241;43m=[39;49m[38;5;28;43;01mFalse[39;49;00m[43m,[49m
[1;32m    495[0m [43m        [49m[43mretries[49m[38;5;241;43m=[39;49m[38;5;28;43mself[39;49m[38;5;241;43m.[39;49m[43mmax_retries[49m[43m,[49m
[1;32m    496[0m [43m        [49m[43mtimeout[49m[38;5;241;43m=[39;49m[43mtimeout[49m[43m,[49m
[1;32m    497[0m [43m        [49m[43mchunked[49m[38;5;241;43m=[39;49m[43mchunked[49m[43m,[49m
[1;32m    498[0m [43m    [49m[43m)[49m
[1;32m    500[0m [38;5;28;01mexcept[39;00m (ProtocolError, [38;5;167;01mOSError[39;00m) [38;5;28;01mas[39;00m err:

File [0;32m~/opt/anaconda3/lib/python3.9/site-packages/urllib3/connectionpool.py:787[0m, in [0;36mHTTPConnectionPool.urlopen[0;34m(self, method, url, body, headers, retries, redirect, assert_same_host, timeout, pool_timeout, release_conn, chunked, body_pos, **response_kw)[0m
[1;32m    785[0m     e [38;5;241m=[39m ProtocolError([38;5;124m"[39m[38;5;124mConnection aborted.[39m[38;5;124m"[39m, e)
[0;32m--> 787[0m retries [38;5;241m=[39m [43mretries[49m[38;5;241;43m.[39;49m[43mincrement[49m[43m([49m
[1;32m    788[0m [43m    [49m[43mmethod[49m[43m,[49m[43m [49m[43murl[49m[43m,[49m[43m [49m[43merror[49m[38;5;241;43m=[39;49m[43me[49m[43m,[49m[43m [49m[43m_pool[49m[38;5;241;43m=[39;49m[38;5;28;43mself[39;49m[43m,[49m[43m [49m[43m_stacktrace[49m[38;5;241;43m=[39;49m[43msys[49m[38;5;241;43m.[39;49m[43mexc_info[49m[43m([49m[43m)[49m[43m[[49m[38;5;241;43m2[39;49m[43m][49m
[1;32m    789[0m [43m[49m[43m)[49m
[1;32m    790[0m retries[38;5;241m.[39msleep()

File [0;32m~/opt/anaconda3/lib/python3.9/site-packages/urllib3/util/retry.py:592[0m, in [0;36mRetry.increment[0;34m(self, method, url, response, error, _pool, _stacktrace)[0m
[1;32m    591[0m [38;5;28;01mif[39;00m new_retry[38;5;241m.[39mis_exhausted():
[0;32m--> 592[0m     [38;5;28;01mraise[39;00m MaxRetryError(_pool, url, error [38;5;129;01mor[39;00m ResponseError(cause))
[1;32m    594[0m log[38;5;241m.[39mdebug([38;5;124m"[39m[38;5;124mIncremented Retry for (url=[39m[38;5;124m'[39m[38;5;132;01m%s[39;00m[38;5;124m'[39m[38;5;124m): [39m[38;5;132;01m%r[39;00m[38;5;124m"[39m, url, new_retry)

[0;31mMaxRetryError[0m: HTTPSConnectionPool(host='airtw.epa.gov.tw', port=443): Max retries exceeded with url: /gis_ajax.aspx?Type=GetAQInfo&Layer=EPA&QueryTime=2023/09/17%2011:00 (Caused by SSLError(CertificateError("hostname 'airtw.epa.gov.tw' doesn't match 'tairtw.moenv.gov.tw'")))

During handling of the above exception, another exception occurred:

[0;31mSSLError[0m                                  Traceback (most recent call last)
Input [0;32mIn [8][0m, in [0;36m<cell line: 4>[0;34m()[0m
[1;32m      2[0m [38;5;28;01mimport[39;00m [38;5;21;01mjson[39;00m
[1;32m      3[0m url [38;5;241m=[39m [38;5;124m"[39m[38;5;124mhttps://airtw.epa.gov.tw/gis_ajax.aspx?Type=GetAQInfo&Layer=EPA&QueryTime=2023/09/17[39m[38;5;124m%[39m[38;5;124m2011:00[39m[38;5;124m"[39m
[0;32m----> 4[0m aqdata [38;5;241m=[39m [43mrequests[49m[38;5;241;43m.[39;49m[43mget[49m[43m([49m[43murl[49m[43m)[49m[38;5;241m.[39mjson()
[1;32m      5[0m [38;5;28mprint[39m([38;5;28mtype[39m(aqdata))

File [0;32m~/opt/anaconda3/lib/python3.9/site-packages/requests/api.py:73[0m, in [0;36mget[0;34m(url, params, **kwargs)[0m
[1;32m     62[0m [38;5;28;01mdef[39;00m [38;5;21mget[39m(url, params[38;5;241m=[39m[38;5;28;01mNone[39;00m, [38;5;241m*[39m[38;5;241m*[39mkwargs):
[1;32m     63[0m [38;5;250m    [39m[38;5;124mr[39m[38;5;124;03m"""Sends a GET request.[39;00m
[1;32m     64[0m 
[1;32m     65[0m [38;5;124;03m    :param url: URL for the new :class:`Request` object.[39;00m
[0;32m   (...)[0m
[1;32m     70[0m [38;5;124;03m    :rtype: requests.Response[39;00m
[1;32m     71[0m [38;5;124;03m    """[39;00m
[0;32m---> 73[0m     [38;5;28;01mreturn[39;00m [43mrequest[49m[43m([49m[38;5;124;43m"[39;49m[38;5;124;43mget[39;49m[38;5;124;43m"[39;49m[43m,[49m[43m [49m[43murl[49m[43m,[49m[43m [49m[43mparams[49m[38;5;241;43m=[39;49m[43mparams[49m[43m,[49m[43m [49m[38;5;241;43m*[39;49m[38;5;241;43m*[39;49m[43mkwargs[49m[43m)[49m

File [0;32m~/opt/anaconda3/lib/python3.9/site-packages/requests/api.py:59[0m, in [0;36mrequest[0;34m(method, url, **kwargs)[0m
[1;32m     55[0m [38;5;66;03m# By using the 'with' statement we are sure the session is closed, thus we[39;00m
[1;32m     56[0m [38;5;66;03m# avoid leaving sockets open which can trigger a ResourceWarning in some[39;00m
[1;32m     57[0m [38;5;66;03m# cases, and look like a memory leak in others.[39;00m
[1;32m     58[0m [38;5;28;01mwith[39;00m sessions[38;5;241m.[39mSession() [38;5;28;01mas[39;00m session:
[0;32m---> 59[0m     [38;5;28;01mreturn[39;00m [43msession[49m[38;5;241;43m.[39;49m[43mrequest[49m[43m([49m[43mmethod[49m[38;5;241;43m=[39;49m[43mmethod[49m[43m,[49m[43m [49m[43murl[49m[38;5;241;43m=[39;49m[43murl[49m[43m,[49m[43m [49m[38;5;241;43m*[39;49m[38;5;241;43m*[39;49m[43mkwargs[49m[43m)[49m

File [0;32m~/opt/anaconda3/lib/python3.9/site-packages/requests/sessions.py:589[0m, in [0;36mSession.request[0;34m(self, method, url, params, data, headers, cookies, files, auth, timeout, allow_redirects, proxies, hooks, stream, verify, cert, json)[0m
[1;32m    584[0m send_kwargs [38;5;241m=[39m {
[1;32m    585[0m     [38;5;124m"[39m[38;5;124mtimeout[39m[38;5;124m"[39m: timeout,
[1;32m    586[0m     [38;5;124m"[39m[38;5;124mallow_redirects[39m[38;5;124m"[39m: allow_redirects,
[1;32m    587[0m }
[1;32m    588[0m send_kwargs[38;5;241m.[39mupdate(settings)
[0;32m--> 589[0m resp [38;5;241m=[39m [38;5;28;43mself[39;49m[38;5;241;43m.[39;49m[43msend[49m[43m([49m[43mprep[49m[43m,[49m[43m [49m[38;5;241;43m*[39;49m[38;5;241;43m*[39;49m[43msend_kwargs[49m[43m)[49m
[1;32m    591[0m [38;5;28;01mreturn[39;00m resp

File [0;32m~/opt/anaconda3/lib/python3.9/site-packages/requests/sessions.py:703[0m, in [0;36mSession.send[0;34m(self, request, **kwargs)[0m
[1;32m    700[0m start [38;5;241m=[39m preferred_clock()
[1;32m    702[0m [38;5;66;03m# Send the request[39;00m
[0;32m--> 703[0m r [38;5;241m=[39m [43madapter[49m[38;5;241;43m.[39;49m[43msend[49m[43m([49m[43mrequest[49m[43m,[49m[43m [49m[38;5;241;43m*[39;49m[38;5;241;43m*[39;49m[43mkwargs[49m[43m)[49m
[1;32m    705[0m [38;5;66;03m# Total elapsed time of the request (approximately)[39;00m
[1;32m    706[0m elapsed [38;5;241m=[39m preferred_clock() [38;5;241m-[39m start

File [0;32m~/opt/anaconda3/lib/python3.9/site-packages/requests/adapters.py:517[0m, in [0;36mHTTPAdapter.send[0;34m(self, request, stream, timeout, verify, cert, proxies)[0m
[1;32m    513[0m         [38;5;28;01mraise[39;00m ProxyError(e, request[38;5;241m=[39mrequest)
[1;32m    515[0m     [38;5;28;01mif[39;00m [38;5;28misinstance[39m(e[38;5;241m.[39mreason, _SSLError):
[1;32m    516[0m         [38;5;66;03m# This branch is for urllib3 v1.22 and later.[39;00m
[0;32m--> 517[0m         [38;5;28;01mraise[39;00m SSLError(e, request[38;5;241m=[39mrequest)
[1;32m    519[0m     [38;5;28;01mraise[39;00m [38;5;167;01mConnectionError[39;00m(e, request[38;5;241m=[39mrequest)
[1;32m    521[0m [38;5;28;01mexcept[39;00m ClosedPoolError [38;5;28;01mas[39;00m e:

[0;31mSSLError[0m: HTTPSConnectionPool(host='airtw.epa.gov.tw', port=443): Max retries exceeded with url: /gis_ajax.aspx?Type=GetAQInfo&Layer=EPA&QueryTime=2023/09/17%2011:00 (Caused by SSLError(CertificateError("hostname 'airtw.epa.gov.tw' doesn't match 'tairtw.moenv.gov.tw'")))
SSLError: HTTPSConnectionPool(host='airtw.epa.gov.tw', port=443): Max retries exceeded with url: /gis_ajax.aspx?Type=GetAQInfo&Layer=EPA&QueryTime=2023/09/17%2011:00 (Caused by SSLError(CertificateError("hostname 'airtw.epa.gov.tw' doesn't match 'tairtw.moenv.gov.tw'")))

