Traceback (most recent call last):
  File "/Users/jirlong/opt/anaconda3/envs/new_tm_py310/lib/python3.10/site-packages/jupyter_core/utils/__init__.py", line 154, in wrapped
    asyncio.get_running_loop()
RuntimeError: no running event loop

During handling of the above exception, another exception occurred:

Traceback (most recent call last):
  File "/Users/jirlong/opt/anaconda3/envs/new_tm_py310/lib/python3.10/site-packages/jupyter_cache/executors/utils.py", line 58, in single_nb_execution
    executenb(
  File "/Users/jirlong/opt/anaconda3/envs/new_tm_py310/lib/python3.10/site-packages/nbclient/client.py", line 1319, in execute
    return NotebookClient(nb=nb, resources=resources, km=km, **kwargs).execute()
  File "/Users/jirlong/opt/anaconda3/envs/new_tm_py310/lib/python3.10/site-packages/jupyter_core/utils/__init__.py", line 158, in wrapped
    return loop.run_until_complete(inner)
  File "/Users/jirlong/opt/anaconda3/envs/new_tm_py310/lib/python3.10/asyncio/base_events.py", line 649, in run_until_complete
    return future.result()
  File "/Users/jirlong/opt/anaconda3/envs/new_tm_py310/lib/python3.10/site-packages/nbclient/client.py", line 709, in async_execute
    await self.async_execute_cell(
  File "/Users/jirlong/opt/anaconda3/envs/new_tm_py310/lib/python3.10/site-packages/nbclient/client.py", line 1062, in async_execute_cell
    await self._check_raise_for_error(cell, cell_index, exec_reply)
  File "/Users/jirlong/opt/anaconda3/envs/new_tm_py310/lib/python3.10/site-packages/nbclient/client.py", line 918, in _check_raise_for_error
    raise CellExecutionError.from_cell_and_msg(cell, exec_reply_content)
nbclient.exceptions.CellExecutionError: An error occurred while executing the following cell:
------------------
aqlist = []
site_list = []
for site in aqdata:x
    if site['AQI'] != "" or site['AQI'] != "ND":
        aqlist.append(int(site['AQI']))
        site_list.append(site['SiteName'])
        
for i in range(len(aqlist)):
    for j in range(i+1, len(aqlist)):
        if aqlist[i] < aqlist[j]:
            aqlist[i], aqlist[j] = aqlist[j], aqlist[i]

print(aqlist)
------------------


[0;36m  Cell [0;32mIn[20], line 4[0;36m[0m
[0;31m    if site['AQI'] != "" or site['AQI'] != "ND":[0m
[0m    ^[0m
[0;31mIndentationError[0m[0;31m:[0m unexpected indent


