Traceback (most recent call last):
  File "/Users/jirlong/anaconda3/lib/python3.10/site-packages/jupyter_cache/executors/utils.py", line 58, in single_nb_execution
    executenb(
  File "/Users/jirlong/anaconda3/lib/python3.10/site-packages/nbclient/client.py", line 1204, in execute
    return NotebookClient(nb=nb, resources=resources, km=km, **kwargs).execute()
  File "/Users/jirlong/anaconda3/lib/python3.10/site-packages/nbclient/util.py", line 84, in wrapped
    return just_run(coro(*args, **kwargs))
  File "/Users/jirlong/anaconda3/lib/python3.10/site-packages/nbclient/util.py", line 62, in just_run
    return loop.run_until_complete(coro)
  File "/Users/jirlong/anaconda3/lib/python3.10/asyncio/base_events.py", line 649, in run_until_complete
    return future.result()
  File "/Users/jirlong/anaconda3/lib/python3.10/site-packages/nbclient/client.py", line 663, in async_execute
    await self.async_execute_cell(
  File "/Users/jirlong/anaconda3/lib/python3.10/site-packages/nbclient/client.py", line 965, in async_execute_cell
    await self._check_raise_for_error(cell, cell_index, exec_reply)
  File "/Users/jirlong/anaconda3/lib/python3.10/site-packages/nbclient/client.py", line 862, in _check_raise_for_error
    raise CellExecutionError.from_cell_and_msg(cell, exec_reply_content)
nbclient.exceptions.CellExecutionError: An error occurred while executing the following cell:
------------------
import pandas as pd

pd.set_option('display.max_columns', None)  # 顯示所有欄位

import requests
data = requests.get('https://tcgbusfs.blob.core.windows.net/dotapp/youbike/v2/youbike_immediate.json').json()



# Convert dict of dict to list of dict
all_list = []
for k, v in data["retVal"].items():
    all_list.append(v)

# Using list comprehension
# all_list = [v for v in data["retVal"].values()]
    

ubike_df = pd.DataFrame(all_list)
------------------

[0;31m---------------------------------------------------------------------------[0m
[0;31mTypeError[0m                                 Traceback (most recent call last)
Cell [0;32mIn[8], line 12[0m
[1;32m     10[0m [38;5;66;03m# Convert dict of dict to list of dict[39;00m
[1;32m     11[0m all_list [38;5;241m=[39m []
[0;32m---> 12[0m [38;5;28;01mfor[39;00m k, v [38;5;129;01min[39;00m [43mdata[49m[43m[[49m[38;5;124;43m"[39;49m[38;5;124;43mretVal[39;49m[38;5;124;43m"[39;49m[43m][49m[38;5;241m.[39mitems():
[1;32m     13[0m     all_list[38;5;241m.[39mappend(v)
[1;32m     15[0m [38;5;66;03m# Using list comprehension[39;00m
[1;32m     16[0m [38;5;66;03m# all_list = [v for v in data["retVal"].values()][39;00m

[0;31mTypeError[0m: list indices must be integers or slices, not str
TypeError: list indices must be integers or slices, not str

