Traceback (most recent call last):
  File "/Users/jirlong/opt/anaconda3/lib/python3.9/site-packages/jupyter_cache/executors/utils.py", line 58, in single_nb_execution
    executenb(
  File "/Users/jirlong/opt/anaconda3/lib/python3.9/site-packages/nbclient/client.py", line 1204, in execute
    return NotebookClient(nb=nb, resources=resources, km=km, **kwargs).execute()
  File "/Users/jirlong/opt/anaconda3/lib/python3.9/site-packages/nbclient/util.py", line 84, in wrapped
    return just_run(coro(*args, **kwargs))
  File "/Users/jirlong/opt/anaconda3/lib/python3.9/site-packages/nbclient/util.py", line 62, in just_run
    return loop.run_until_complete(coro)
  File "/Users/jirlong/opt/anaconda3/lib/python3.9/asyncio/base_events.py", line 647, in run_until_complete
    return future.result()
  File "/Users/jirlong/opt/anaconda3/lib/python3.9/site-packages/nbclient/client.py", line 663, in async_execute
    await self.async_execute_cell(
  File "/Users/jirlong/opt/anaconda3/lib/python3.9/site-packages/nbclient/client.py", line 965, in async_execute_cell
    await self._check_raise_for_error(cell, cell_index, exec_reply)
  File "/Users/jirlong/opt/anaconda3/lib/python3.9/site-packages/nbclient/client.py", line 862, in _check_raise_for_error
    raise CellExecutionError.from_cell_and_msg(cell, exec_reply_content)
nbclient.exceptions.CellExecutionError: An error occurred while executing the following cell:
------------------
month_count = user_df['account_creation_ym'].value_counts().reset_index(name='n')
month_count = month_count.sort_values('index', ascending=True)
------------------

[0;31m---------------------------------------------------------------------------[0m
[0;31mKeyError[0m                                  Traceback (most recent call last)
Input [0;32mIn [3][0m, in [0;36m<cell line: 2>[0;34m()[0m
[1;32m      1[0m month_count [38;5;241m=[39m user_df[[38;5;124m'[39m[38;5;124maccount_creation_ym[39m[38;5;124m'[39m][38;5;241m.[39mvalue_counts()[38;5;241m.[39mreset_index(name[38;5;241m=[39m[38;5;124m'[39m[38;5;124mn[39m[38;5;124m'[39m)
[0;32m----> 2[0m month_count [38;5;241m=[39m [43mmonth_count[49m[38;5;241;43m.[39;49m[43msort_values[49m[43m([49m[38;5;124;43m'[39;49m[38;5;124;43mindex[39;49m[38;5;124;43m'[39;49m[43m,[49m[43m [49m[43mascending[49m[38;5;241;43m=[39;49m[38;5;28;43;01mTrue[39;49;00m[43m)[49m

File [0;32m~/opt/anaconda3/lib/python3.9/site-packages/pandas/core/frame.py:7173[0m, in [0;36mDataFrame.sort_values[0;34m(self, by, axis, ascending, inplace, kind, na_position, ignore_index, key)[0m
[1;32m   7167[0m     indexer [38;5;241m=[39m lexsort_indexer(
[1;32m   7168[0m         keys, orders[38;5;241m=[39mascending, na_position[38;5;241m=[39mna_position, key[38;5;241m=[39mkey
[1;32m   7169[0m     )
[1;32m   7170[0m [38;5;28;01melif[39;00m [38;5;28mlen[39m(by):
[1;32m   7171[0m     [38;5;66;03m# len(by) == 1[39;00m
[0;32m-> 7173[0m     k [38;5;241m=[39m [38;5;28;43mself[39;49m[38;5;241;43m.[39;49m[43m_get_label_or_level_values[49m[43m([49m[43mby[49m[43m[[49m[38;5;241;43m0[39;49m[43m][49m[43m,[49m[43m [49m[43maxis[49m[38;5;241;43m=[39;49m[43maxis[49m[43m)[49m
[1;32m   7175[0m     [38;5;66;03m# need to rewrap column in Series to apply key function[39;00m
[1;32m   7176[0m     [38;5;28;01mif[39;00m key [38;5;129;01mis[39;00m [38;5;129;01mnot[39;00m [38;5;28;01mNone[39;00m:
[1;32m   7177[0m         [38;5;66;03m# error: Incompatible types in assignment (expression has type[39;00m
[1;32m   7178[0m         [38;5;66;03m# "Series", variable has type "ndarray")[39;00m

File [0;32m~/opt/anaconda3/lib/python3.9/site-packages/pandas/core/generic.py:1910[0m, in [0;36mNDFrame._get_label_or_level_values[0;34m(self, key, axis)[0m
[1;32m   1908[0m     values [38;5;241m=[39m [38;5;28mself[39m[38;5;241m.[39maxes[axis][38;5;241m.[39mget_level_values(key)[38;5;241m.[39m_values
[1;32m   1909[0m [38;5;28;01melse[39;00m:
[0;32m-> 1910[0m     [38;5;28;01mraise[39;00m [38;5;167;01mKeyError[39;00m(key)
[1;32m   1912[0m [38;5;66;03m# Check for duplicates[39;00m
[1;32m   1913[0m [38;5;28;01mif[39;00m values[38;5;241m.[39mndim [38;5;241m>[39m [38;5;241m1[39m:

[0;31mKeyError[0m: 'index'
KeyError: 'index'

