Traceback (most recent call last):
  File "/Users/jirlong/opt/anaconda3/envs/new_tm_py310/lib/python3.10/site-packages/jupyter_core/utils/__init__.py", line 154, in wrapped
    asyncio.get_running_loop()
RuntimeError: no running event loop

During handling of the above exception, another exception occurred:

Traceback (most recent call last):
  File "/Users/jirlong/opt/anaconda3/envs/new_tm_py310/lib/python3.10/site-packages/jupyter_cache/executors/utils.py", line 58, in single_nb_execution
    executenb(
  File "/Users/jirlong/opt/anaconda3/envs/new_tm_py310/lib/python3.10/site-packages/nbclient/client.py", line 1319, in execute
    return NotebookClient(nb=nb, resources=resources, km=km, **kwargs).execute()
  File "/Users/jirlong/opt/anaconda3/envs/new_tm_py310/lib/python3.10/site-packages/jupyter_core/utils/__init__.py", line 158, in wrapped
    return loop.run_until_complete(inner)
  File "/Users/jirlong/opt/anaconda3/envs/new_tm_py310/lib/python3.10/asyncio/base_events.py", line 649, in run_until_complete
    return future.result()
  File "/Users/jirlong/opt/anaconda3/envs/new_tm_py310/lib/python3.10/site-packages/nbclient/client.py", line 709, in async_execute
    await self.async_execute_cell(
  File "/Users/jirlong/opt/anaconda3/envs/new_tm_py310/lib/python3.10/site-packages/nbclient/client.py", line 1062, in async_execute_cell
    await self._check_raise_for_error(cell, cell_index, exec_reply)
  File "/Users/jirlong/opt/anaconda3/envs/new_tm_py310/lib/python3.10/site-packages/nbclient/client.py", line 918, in _check_raise_for_error
    raise CellExecutionError.from_cell_and_msg(cell, exec_reply_content)
nbclient.exceptions.CellExecutionError: An error occurred while executing the following cell:
------------------
# import requests library to send web query
import requests

# import json library to parse json format
import json

response = requests.get('https://tcgbusfs.blob.core.windows.net/dotapp/youbike/v2/youbike_immediate.json')
print(type(response)) # <class 'requests.models.Response'>
data = response.json()
print(type(data))

for station in data:
    print(station['sna'], "\t", station['available_rent_bikes'], "\\", station['total'])
------------------

----- stdout -----
<class 'requests.models.Response'>
<class 'list'>
------------------

[0;31m---------------------------------------------------------------------------[0m
[0;31mKeyError[0m                                  Traceback (most recent call last)
Cell [0;32mIn[1], line 13[0m
[1;32m     10[0m [38;5;28mprint[39m([38;5;28mtype[39m(data))
[1;32m     12[0m [38;5;28;01mfor[39;00m station [38;5;129;01min[39;00m data:
[0;32m---> 13[0m     [38;5;28mprint[39m(station[[38;5;124m'[39m[38;5;124msna[39m[38;5;124m'[39m], [38;5;124m"[39m[38;5;130;01m\t[39;00m[38;5;124m"[39m, station[[38;5;124m'[39m[38;5;124mavailable_rent_bikes[39m[38;5;124m'[39m], [38;5;124m"[39m[38;5;130;01m\\[39;00m[38;5;124m"[39m, [43mstation[49m[43m[[49m[38;5;124;43m'[39;49m[38;5;124;43mtotal[39;49m[38;5;124;43m'[39;49m[43m][49m)

[0;31mKeyError[0m: 'total'

