Traceback (most recent call last):
  File "/Users/jirlong/opt/anaconda3/envs/new_tm_py310/lib/python3.10/site-packages/jupyter_core/utils/__init__.py", line 154, in wrapped
    asyncio.get_running_loop()
RuntimeError: no running event loop

During handling of the above exception, another exception occurred:

Traceback (most recent call last):
  File "/Users/jirlong/opt/anaconda3/envs/new_tm_py310/lib/python3.10/site-packages/jupyter_cache/executors/utils.py", line 58, in single_nb_execution
    executenb(
  File "/Users/jirlong/opt/anaconda3/envs/new_tm_py310/lib/python3.10/site-packages/nbclient/client.py", line 1319, in execute
    return NotebookClient(nb=nb, resources=resources, km=km, **kwargs).execute()
  File "/Users/jirlong/opt/anaconda3/envs/new_tm_py310/lib/python3.10/site-packages/jupyter_core/utils/__init__.py", line 158, in wrapped
    return loop.run_until_complete(inner)
  File "/Users/jirlong/opt/anaconda3/envs/new_tm_py310/lib/python3.10/asyncio/base_events.py", line 649, in run_until_complete
    return future.result()
  File "/Users/jirlong/opt/anaconda3/envs/new_tm_py310/lib/python3.10/site-packages/nbclient/client.py", line 709, in async_execute
    await self.async_execute_cell(
  File "/Users/jirlong/opt/anaconda3/envs/new_tm_py310/lib/python3.10/site-packages/nbclient/client.py", line 1062, in async_execute_cell
    await self._check_raise_for_error(cell, cell_index, exec_reply)
  File "/Users/jirlong/opt/anaconda3/envs/new_tm_py310/lib/python3.10/site-packages/nbclient/client.py", line 918, in _check_raise_for_error
    raise CellExecutionError.from_cell_and_msg(cell, exec_reply_content)
nbclient.exceptions.CellExecutionError: An error occurred while executing the following cell:
------------------
import json
post_list = []

# 開啟 JSONL 檔案，一行一行讀取並解析 JSON
with open("../_build/html/data/2020-01-02.jsonl", "r", encoding="utf-8") as file:
    for line in file:
        try:
            # 解析 JSON 字典並加入到列表中
            post = json.loads(line)
            post_list.append(post)
        except json.JSONDecodeError as e:
            # 處理解析錯誤
            print(f"解析 JSON 時出錯: {str(e)}")
print(len(post_list))
------------------


[0;31m---------------------------------------------------------------------------[0m
[0;31mFileNotFoundError[0m                         Traceback (most recent call last)
Cell [0;32mIn[1], line 5[0m
[1;32m      2[0m post_list [38;5;241m=[39m []
[1;32m      4[0m [38;5;66;03m# 開啟 JSONL 檔案，一行一行讀取並解析 JSON[39;00m
[0;32m----> 5[0m [38;5;28;01mwith[39;00m [38;5;28;43mopen[39;49m[43m([49m[38;5;124;43m"[39;49m[38;5;124;43m../_build/html/data/2020-01-02.jsonl[39;49m[38;5;124;43m"[39;49m[43m,[49m[43m [49m[38;5;124;43m"[39;49m[38;5;124;43mr[39;49m[38;5;124;43m"[39;49m[43m,[49m[43m [49m[43mencoding[49m[38;5;241;43m=[39;49m[38;5;124;43m"[39;49m[38;5;124;43mutf-8[39;49m[38;5;124;43m"[39;49m[43m)[49m [38;5;28;01mas[39;00m file:
[1;32m      6[0m     [38;5;28;01mfor[39;00m line [38;5;129;01min[39;00m file:
[1;32m      7[0m         [38;5;28;01mtry[39;00m:
[1;32m      8[0m             [38;5;66;03m# 解析 JSON 字典並加入到列表中[39;00m

File [0;32m~/opt/anaconda3/envs/new_tm_py310/lib/python3.10/site-packages/IPython/core/interactiveshell.py:324[0m, in [0;36m_modified_open[0;34m(file, *args, **kwargs)[0m
[1;32m    317[0m [38;5;28;01mif[39;00m file [38;5;129;01min[39;00m {[38;5;241m0[39m, [38;5;241m1[39m, [38;5;241m2[39m}:
[1;32m    318[0m     [38;5;28;01mraise[39;00m [38;5;167;01mValueError[39;00m(
[1;32m    319[0m         [38;5;124mf[39m[38;5;124m"[39m[38;5;124mIPython won[39m[38;5;124m'[39m[38;5;124mt let you open fd=[39m[38;5;132;01m{[39;00mfile[38;5;132;01m}[39;00m[38;5;124m by default [39m[38;5;124m"[39m
[1;32m    320[0m         [38;5;124m"[39m[38;5;124mas it is likely to crash IPython. If you know what you are doing, [39m[38;5;124m"[39m
[1;32m    321[0m         [38;5;124m"[39m[38;5;124myou can use builtins[39m[38;5;124m'[39m[38;5;124m open.[39m[38;5;124m"[39m
[1;32m    322[0m     )
[0;32m--> 324[0m [38;5;28;01mreturn[39;00m [43mio_open[49m[43m([49m[43mfile[49m[43m,[49m[43m [49m[38;5;241;43m*[39;49m[43margs[49m[43m,[49m[43m [49m[38;5;241;43m*[39;49m[38;5;241;43m*[39;49m[43mkwargs[49m[43m)[49m

[0;31mFileNotFoundError[0m: [Errno 2] No such file or directory: '../_build/html/data/2020-01-02.jsonl'

