Traceback (most recent call last):
  File "/Users/jirlong/opt/anaconda3/lib/python3.9/site-packages/jupyter_cache/executors/utils.py", line 58, in single_nb_execution
    executenb(
  File "/Users/jirlong/opt/anaconda3/lib/python3.9/site-packages/nbclient/client.py", line 1204, in execute
    return NotebookClient(nb=nb, resources=resources, km=km, **kwargs).execute()
  File "/Users/jirlong/opt/anaconda3/lib/python3.9/site-packages/nbclient/util.py", line 84, in wrapped
    return just_run(coro(*args, **kwargs))
  File "/Users/jirlong/opt/anaconda3/lib/python3.9/site-packages/nbclient/util.py", line 62, in just_run
    return loop.run_until_complete(coro)
  File "/Users/jirlong/opt/anaconda3/lib/python3.9/asyncio/base_events.py", line 647, in run_until_complete
    return future.result()
  File "/Users/jirlong/opt/anaconda3/lib/python3.9/site-packages/nbclient/client.py", line 663, in async_execute
    await self.async_execute_cell(
  File "/Users/jirlong/opt/anaconda3/lib/python3.9/site-packages/nbclient/client.py", line 965, in async_execute_cell
    await self._check_raise_for_error(cell, cell_index, exec_reply)
  File "/Users/jirlong/opt/anaconda3/lib/python3.9/site-packages/nbclient/client.py", line 862, in _check_raise_for_error
    raise CellExecutionError.from_cell_and_msg(cell, exec_reply_content)
nbclient.exceptions.CellExecutionError: An error occurred while executing the following cell:
------------------
text = "The dog eats the big hotdog."
tokens = word_tokenize(text)
print(nltk.pos_tag(tokens))

------------------

[0;31m---------------------------------------------------------------------------[0m
[0;31mLookupError[0m                               Traceback (most recent call last)
Input [0;32mIn [2][0m, in [0;36m<cell line: 3>[0;34m()[0m
[1;32m      1[0m text [38;5;241m=[39m [38;5;124m"[39m[38;5;124mThe dog eats the big hotdog.[39m[38;5;124m"[39m
[1;32m      2[0m tokens [38;5;241m=[39m word_tokenize(text)
[0;32m----> 3[0m [38;5;28mprint[39m([43mnltk[49m[38;5;241;43m.[39;49m[43mpos_tag[49m[43m([49m[43mtokens[49m[43m)[49m)

File [0;32m~/opt/anaconda3/lib/python3.9/site-packages/nltk/tag/__init__.py:168[0m, in [0;36mpos_tag[0;34m(tokens, tagset, lang)[0m
[1;32m    143[0m [38;5;28;01mdef[39;00m [38;5;21mpos_tag[39m(tokens, tagset[38;5;241m=[39m[38;5;28;01mNone[39;00m, lang[38;5;241m=[39m[38;5;124m"[39m[38;5;124meng[39m[38;5;124m"[39m):
[1;32m    144[0m [38;5;250m    [39m[38;5;124;03m"""[39;00m
[1;32m    145[0m [38;5;124;03m    Use NLTK's currently recommended part of speech tagger to[39;00m
[1;32m    146[0m [38;5;124;03m    tag the given list of tokens.[39;00m
[0;32m   (...)[0m
[1;32m    166[0m [38;5;124;03m    :rtype: list(tuple(str, str))[39;00m
[1;32m    167[0m [38;5;124;03m    """[39;00m
[0;32m--> 168[0m     tagger [38;5;241m=[39m [43m_get_tagger[49m[43m([49m[43mlang[49m[43m)[49m
[1;32m    169[0m     [38;5;28;01mreturn[39;00m _pos_tag(tokens, tagset, tagger, lang)

File [0;32m~/opt/anaconda3/lib/python3.9/site-packages/nltk/tag/__init__.py:110[0m, in [0;36m_get_tagger[0;34m(lang)[0m
[1;32m    108[0m     tagger [38;5;241m=[39m PerceptronTagger(lang[38;5;241m=[39mlang)
[1;32m    109[0m [38;5;28;01melse[39;00m:
[0;32m--> 110[0m     tagger [38;5;241m=[39m [43mPerceptronTagger[49m[43m([49m[43m)[49m
[1;32m    111[0m [38;5;28;01mreturn[39;00m tagger

File [0;32m~/opt/anaconda3/lib/python3.9/site-packages/nltk/tag/perceptron.py:183[0m, in [0;36mPerceptronTagger.__init__[0;34m(self, load, lang)[0m
[1;32m    181[0m [38;5;28mself[39m[38;5;241m.[39mclasses [38;5;241m=[39m [38;5;28mset[39m()
[1;32m    182[0m [38;5;28;01mif[39;00m load:
[0;32m--> 183[0m     [38;5;28;43mself[39;49m[38;5;241;43m.[39;49m[43mload_from_json[49m[43m([49m[43mlang[49m[43m)[49m

File [0;32m~/opt/anaconda3/lib/python3.9/site-packages/nltk/tag/perceptron.py:273[0m, in [0;36mPerceptronTagger.load_from_json[0;34m(self, lang)[0m
[1;32m    271[0m [38;5;28;01mdef[39;00m [38;5;21mload_from_json[39m([38;5;28mself[39m, lang[38;5;241m=[39m[38;5;124m"[39m[38;5;124meng[39m[38;5;124m"[39m):
[1;32m    272[0m     [38;5;66;03m# Automatically find path to the tagger if location is not specified.[39;00m
[0;32m--> 273[0m     loc [38;5;241m=[39m [43mfind[49m[43m([49m[38;5;124;43mf[39;49m[38;5;124;43m"[39;49m[38;5;124;43mtaggers/averaged_perceptron_tagger_[39;49m[38;5;132;43;01m{[39;49;00m[43mlang[49m[38;5;132;43;01m}[39;49;00m[38;5;124;43m/[39;49m[38;5;124;43m"[39;49m[43m)[49m
[1;32m    274[0m     [38;5;28;01mwith[39;00m [38;5;28mopen[39m(loc [38;5;241m+[39m TAGGER_JSONS[lang][[38;5;124m"[39m[38;5;124mweights[39m[38;5;124m"[39m]) [38;5;28;01mas[39;00m fin:
[1;32m    275[0m         [38;5;28mself[39m[38;5;241m.[39mmodel[38;5;241m.[39mweights [38;5;241m=[39m json[38;5;241m.[39mload(fin)

File [0;32m~/opt/anaconda3/lib/python3.9/site-packages/nltk/data.py:579[0m, in [0;36mfind[0;34m(resource_name, paths)[0m
[1;32m    577[0m sep [38;5;241m=[39m [38;5;124m"[39m[38;5;124m*[39m[38;5;124m"[39m [38;5;241m*[39m [38;5;241m70[39m
[1;32m    578[0m resource_not_found [38;5;241m=[39m [38;5;124mf[39m[38;5;124m"[39m[38;5;130;01m\n[39;00m[38;5;132;01m{[39;00msep[38;5;132;01m}[39;00m[38;5;130;01m\n[39;00m[38;5;132;01m{[39;00mmsg[38;5;132;01m}[39;00m[38;5;130;01m\n[39;00m[38;5;132;01m{[39;00msep[38;5;132;01m}[39;00m[38;5;130;01m\n[39;00m[38;5;124m"[39m
[0;32m--> 579[0m [38;5;28;01mraise[39;00m [38;5;167;01mLookupError[39;00m(resource_not_found)

[0;31mLookupError[0m: 
**********************************************************************
  Resource [93maveraged_perceptron_tagger_eng[0m not found.
  Please use the NLTK Downloader to obtain the resource:

  [31m>>> import nltk
  >>> nltk.download('averaged_perceptron_tagger_eng')
  [0m
  For more information see: https://www.nltk.org/data.html

  Attempted to load [93mtaggers/averaged_perceptron_tagger_eng/[0m

  Searched in:
    - '/Users/jirlong/nltk_data'
    - '/Users/jirlong/opt/anaconda3/nltk_data'
    - '/Users/jirlong/opt/anaconda3/share/nltk_data'
    - '/Users/jirlong/opt/anaconda3/lib/nltk_data'
    - '/usr/share/nltk_data'
    - '/usr/local/share/nltk_data'
    - '/usr/lib/nltk_data'
    - '/usr/local/lib/nltk_data'
**********************************************************************

LookupError: 
**********************************************************************
  Resource [93maveraged_perceptron_tagger_eng[0m not found.
  Please use the NLTK Downloader to obtain the resource:

  [31m>>> import nltk
  >>> nltk.download('averaged_perceptron_tagger_eng')
  [0m
  For more information see: https://www.nltk.org/data.html

  Attempted to load [93mtaggers/averaged_perceptron_tagger_eng/[0m

  Searched in:
    - '/Users/jirlong/nltk_data'
    - '/Users/jirlong/opt/anaconda3/nltk_data'
    - '/Users/jirlong/opt/anaconda3/share/nltk_data'
    - '/Users/jirlong/opt/anaconda3/lib/nltk_data'
    - '/usr/share/nltk_data'
    - '/usr/local/share/nltk_data'
    - '/usr/lib/nltk_data'
    - '/usr/local/lib/nltk_data'
**********************************************************************


