Traceback (most recent call last):
  File "/Users/jirlong/anaconda3/lib/python3.10/site-packages/jupyter_cache/executors/utils.py", line 58, in single_nb_execution
    executenb(
  File "/Users/jirlong/anaconda3/lib/python3.10/site-packages/nbclient/client.py", line 1204, in execute
    return NotebookClient(nb=nb, resources=resources, km=km, **kwargs).execute()
  File "/Users/jirlong/anaconda3/lib/python3.10/site-packages/nbclient/util.py", line 84, in wrapped
    return just_run(coro(*args, **kwargs))
  File "/Users/jirlong/anaconda3/lib/python3.10/site-packages/nbclient/util.py", line 62, in just_run
    return loop.run_until_complete(coro)
  File "/Users/jirlong/anaconda3/lib/python3.10/asyncio/base_events.py", line 649, in run_until_complete
    return future.result()
  File "/Users/jirlong/anaconda3/lib/python3.10/site-packages/nbclient/client.py", line 663, in async_execute
    await self.async_execute_cell(
  File "/Users/jirlong/anaconda3/lib/python3.10/site-packages/nbclient/client.py", line 965, in async_execute_cell
    await self._check_raise_for_error(cell, cell_index, exec_reply)
  File "/Users/jirlong/anaconda3/lib/python3.10/site-packages/nbclient/client.py", line 862, in _check_raise_for_error
    raise CellExecutionError.from_cell_and_msg(cell, exec_reply_content)
nbclient.exceptions.CellExecutionError: An error occurred while executing the following cell:
------------------
from sklearn.manifold import TSNE

tsne = TSNE(n_components=2, random_state=0)
points = tsne.fit_transform(X) 

points[:20]
------------------

[0;31m---------------------------------------------------------------------------[0m
[0;31mAttributeError[0m                            Traceback (most recent call last)
Cell [0;32mIn[11], line 4[0m
[1;32m      1[0m [38;5;28;01mfrom[39;00m [38;5;21;01msklearn[39;00m[38;5;21;01m.[39;00m[38;5;21;01mmanifold[39;00m [38;5;28;01mimport[39;00m TSNE
[1;32m      3[0m tsne [38;5;241m=[39m TSNE(n_components[38;5;241m=[39m[38;5;241m2[39m, random_state[38;5;241m=[39m[38;5;241m0[39m)
[0;32m----> 4[0m points [38;5;241m=[39m [43mtsne[49m[38;5;241;43m.[39;49m[43mfit_transform[49m[43m([49m[43mX[49m[43m)[49m 
[1;32m      6[0m points[:[38;5;241m20[39m]

File [0;32m~/anaconda3/lib/python3.10/site-packages/sklearn/manifold/_t_sne.py:1118[0m, in [0;36mTSNE.fit_transform[0;34m(self, X, y)[0m
[1;32m   1097[0m [38;5;250m[39m[38;5;124;03m"""Fit X into an embedded space and return that transformed output.[39;00m
[1;32m   1098[0m 
[1;32m   1099[0m [38;5;124;03mParameters[39;00m
[0;32m   (...)[0m
[1;32m   1115[0m [38;5;124;03m    Embedding of the training data in low-dimensional space.[39;00m
[1;32m   1116[0m [38;5;124;03m"""[39;00m
[1;32m   1117[0m [38;5;28mself[39m[38;5;241m.[39m_validate_params()
[0;32m-> 1118[0m [38;5;28;43mself[39;49m[38;5;241;43m.[39;49m[43m_check_params_vs_input[49m[43m([49m[43mX[49m[43m)[49m
[1;32m   1119[0m embedding [38;5;241m=[39m [38;5;28mself[39m[38;5;241m.[39m_fit(X)
[1;32m   1120[0m [38;5;28mself[39m[38;5;241m.[39membedding_ [38;5;241m=[39m embedding

File [0;32m~/anaconda3/lib/python3.10/site-packages/sklearn/manifold/_t_sne.py:828[0m, in [0;36mTSNE._check_params_vs_input[0;34m(self, X)[0m
[1;32m    827[0m [38;5;28;01mdef[39;00m [38;5;21m_check_params_vs_input[39m([38;5;28mself[39m, X):
[0;32m--> 828[0m     [38;5;28;01mif[39;00m [38;5;28mself[39m[38;5;241m.[39mperplexity [38;5;241m>[39m[38;5;241m=[39m [43mX[49m[38;5;241;43m.[39;49m[43mshape[49m[[38;5;241m0[39m]:
[1;32m    829[0m         [38;5;28;01mraise[39;00m [38;5;167;01mValueError[39;00m([38;5;124m"[39m[38;5;124mperplexity must be less than n_samples[39m[38;5;124m"[39m)

[0;31mAttributeError[0m: 'list' object has no attribute 'shape'
AttributeError: 'list' object has no attribute 'shape'

